---
source: src/parser/parser.rs
expression: parse(tokens)
---
Err(
    "Expected CloseBrace, found None.",
)
