---
source: src/parser/parser.rs
expression: ast
---
FN (id: main)
	returns: int
	params: ()
	body:
		RETURN ((1 + 2) + 3)
