---
source: src/parser/parser.rs
expression: parse(tokens)
---
Err(
    "Expected RETURN, found Some(Integer(1)).",
)
