---
source: src/parser/parser.rs
expression: parse(tokens)
---
Err(
    "Cannot parse Some(Identifier(\"main\"))",
)
