---
source: src/lexer/lexer.rs
expression: lex(&input)
---
Ok(
    [
        RETURN,
        Minus,
        Integer(
            1,
        ),
        Semicolon,
    ],
)
