---
source: src/lexer/lexer.rs
expression: lex(&input)
---
Ok(
    [
        RETURN,
        BitwiseComplement,
        Integer(
            2,
        ),
        Semicolon,
    ],
)
