---
source: src/lexer/lexer.rs
expression: lex(&input)
---
Ok(
    [
        Integer(
            1,
        ),
        BangEquals,
        Integer(
            0,
        ),
    ],
)
