---
source: src/x86_64_gen/x86_64_gen.rs
expression: x86_64_asm
---
	.globl _main
_main:
	mov	rax, 1
	push	rax
	mov	rax, 2
	pop	rcx
	add	rax, rcx
	ret

