---
source: src/codegen/codegen.rs
expression: "CodeGenerator::new().generate_code(ast)"
---
Ok(
    [
        FunctionDecl(
            "main",
        ),
        Integer(
            4,
        ),
        Push(
            "rax",
        ),
        Integer(
            2,
        ),
        Pop(
            "rcx",
        ),
        Divide(
            "rcx",
        ),
        Return,
    ],
)
