---
source: src/codegen/codegen.rs
expression: generate_code(input)
---
Ok(
    [
        FunctionDecl(
            "main",
        ),
        Integer(
            0,
        ),
        Return,
    ],
)
